
> react-example@0.0.0 build
> vite build

[36mvite v6.4.1 [32mbuilding for production...[36m[39m
transforming...
[32mΓ£ô[39m 3144 modules transformed.
cmd.exe : [31mΓ£ù[39m Build failed in 4.44s
At line:1 char:1
+ cmd.exe /c "npm run build" > build_errors.txt 2>&1
+ ~~~~~~~~~~~~~~~~~~~~~~~~~~~~~~~~~~~~~~~~~~~~~~~~~~
    + CategoryInfo          : NotSpecified: ([31mΓ£ù[39m Build failed in 4.44s:String) [], RemoteException
    + FullyQualifiedErrorId : NativeCommandError
 
[31merror during build:
[31msrc/pages/PublicBooking.tsx (10:7): "default" is not exported by "src/lib/api.ts", imported by 
"src/pages/PublicBooking.tsx".[31m
file: [36mC:/Users/niraj/Downloads/wefixit/frontend/src/pages/PublicBooking.tsx:10:7[31m
[33m
 8: import { Card, CardContent, CardDescription, CardHeader, CardTitle } from '@/components/ui/card';
 9: import { Upload, X, CheckCircle2 } from 'lucide-react';
10: import api from '@/lib/api';
           ^
11: 
12: export default function PublicBooking() {
[31m
    at getRollupError 
(file:///C:/Users/niraj/Downloads/wefixit/frontend/node_modules/rollup/dist/es/shared/parseAst.js:406:41)
    at error (file:///C:/Users/niraj/Downloads/wefixit/frontend/node_modules/rollup/dist/es/shared/parseAst.js:402:42)
    at Module.error 
(file:///C:/Users/niraj/Downloads/wefixit/frontend/node_modules/rollup/dist/es/shared/node-entry.js:17065:16)
    at Module.traceVariable 
(file:///C:/Users/niraj/Downloads/wefixit/frontend/node_modules/rollup/dist/es/shared/node-entry.js:17477:29)
    at ModuleScope.findVariable 
(file:///C:/Users/niraj/Downloads/wefixit/frontend/node_modules/rollup/dist/es/shared/node-entry.js:15090:39)
    at FunctionScope.findVariable 
(file:///C:/Users/niraj/Downloads/wefixit/frontend/node_modules/rollup/dist/es/shared/node-entry.js:5676:38)
    at FunctionBodyScope.findVariable 
(file:///C:/Users/niraj/Downloads/wefixit/frontend/node_modules/rollup/dist/es/shared/node-entry.js:5676:38)
    at ReturnValueScope.findVariable 
(file:///C:/Users/niraj/Downloads/wefixit/frontend/node_modules/rollup/dist/es/shared/node-entry.js:5676:38)
    at FunctionBodyScope.findVariable 
(file:///C:/Users/niraj/Downloads/wefixit/frontend/node_modules/rollup/dist/es/shared/node-entry.js:5676:38)
    at BlockScope.findVariable 
(file:///C:/Users/niraj/Downloads/wefixit/frontend/node_modules/rollup/dist/es/shared/node-entry.js:5676:38)[39m
